---
source: libs/wingc/src/jsify/tests.rs
---
## Code

```w

    bring cloud;
    let globalBucket = new cloud.Bucket();

    class MyResource {
      closure: inflight (str): str;
    
      init() {
        this.closure = inflight (s: str): str => {
          globalBucket.list();
          return "hello";
        };
      }
    
      inflight foo(): str {
        return this.closure("anything");
      }
    }
    
    let x = new MyResource();
    
    test "variable can be an inflight closure" {
      let val = x.foo();
      assert(val == "hello");
    }
    
```

## inflight.$Closure1-1.js

```js
module.exports = function({ $globalBucket }) {
  class $Closure1 {
    constructor({  }) {
      const $obj = (...args) => this.handle(...args);
      Object.setPrototypeOf($obj, this);
      return $obj;
    }
    async handle(s) {
      (await $globalBucket.list());
      return "hello";
    }
  }
  return $Closure1;
}
```

## inflight.$Closure2-1.js

```js
module.exports = function({ $x }) {
  class $Closure2 {
    constructor({  }) {
      const $obj = (...args) => this.handle(...args);
      Object.setPrototypeOf($obj, this);
      return $obj;
    }
    async handle() {
      const val = (await $x.foo());
      {((cond) => {if (!cond) throw new Error("assertion failed: val == \"hello\"")})((((a,b) => { try { return require('assert').deepStrictEqual(a,b) === undefined; } catch { return false; } })(val,"hello")))};
    }
  }
  return $Closure2;
}
```

## inflight.MyResource-1.js

```js
module.exports = function({  }) {
  class MyResource {
    constructor({ $this_closure }) {
      this.$this_closure = $this_closure;
    }
    async foo() {
      return (await this.$this_closure("anything"));
    }
  }
  return MyResource;
}
```

## preflight.js

```js
const $stdlib = require('@winglang/sdk');
const $constructs = require('constructs');
const $outdir = process.env.WING_SYNTH_DIR ?? ".";
const $wing_is_test = process.env.WING_IS_TEST === "true";
const std = $stdlib.std;
const cloud = $stdlib.cloud;
class $Root extends $constructs.Construct {
  constructor(scope, id) {
    super(scope, id);
    class MyResource extends $constructs.Construct {
      constructor(scope, id, ) {
        super(scope, id);
        const __parent_this_1 = this;
        class $Closure1 extends $constructs.Construct {
          constructor(scope, id, ) {
            super(scope, id);
            (std.Display.of(this)).hidden = true;
          }
          static _toInflightType(context) {
            return `
              require("./inflight.$Closure1-1.js")({
                $globalBucket: ${$stdlib.std.Lifting.lift(context, globalBucket)},
              })
            `;
          }
          _toInflight() {
            return `
              (await (async () => {
                const $Closure1Client = ${$Closure1._toInflightType(this)};
                const client = new $Closure1Client({
                });
                if (client.$inflight_init) { await client.$inflight_init(); }
                return client;
              })())
            `;
          }
          _getInflightOps() {
            return ["handle", "$inflight_init"];
          }
          _registerBind(host, ops) {
            if (ops.includes("handle")) {
              $stdlib.std.Resource._registerBindObject(globalBucket, host, ["list"]);
            }
            super._registerBind(host, ops);
          }
        }
        this.closure = new $Closure1(this,"$Closure1");
      }
      static _toInflightType(context) {
        return `
          require("./inflight.MyResource-1.js")({
          })
        `;
      }
      _toInflight() {
        return `
          (await (async () => {
            const MyResourceClient = ${MyResource._toInflightType(this)};
            const client = new MyResourceClient({
              $this_closure: ${this._lift(this.closure)},
            });
            if (client.$inflight_init) { await client.$inflight_init(); }
            return client;
          })())
        `;
      }
      _getInflightOps() {
        return ["foo", "$inflight_init"];
      }
      _registerBind(host, ops) {
        if (ops.includes("$inflight_init")) {
          $stdlib.std.Resource._registerBindObject(this.closure, host, []);
        }
        if (ops.includes("foo")) {
          $stdlib.std.Resource._registerBindObject(this.closure, host, ["handle"]);
        }
        super._registerBind(host, ops);
      }
    }
    class $Closure2 extends $constructs.Construct {
      constructor(scope, id, ) {
        super(scope, id);
        (std.Display.of(this)).hidden = true;
      }
      static _toInflightType(context) {
        return `
          require("./inflight.$Closure2-1.js")({
            $x: ${$stdlib.std.Lifting.lift(context, x)},
          })
        `;
      }
      _toInflight() {
        return `
          (await (async () => {
            const $Closure2Client = ${$Closure2._toInflightType(this)};
            const client = new $Closure2Client({
            });
            if (client.$inflight_init) { await client.$inflight_init(); }
            return client;
          })())
        `;
      }
      _getInflightOps() {
        return ["handle", "$inflight_init"];
      }
      _registerBind(host, ops) {
        if (ops.includes("handle")) {
          $stdlib.std.Resource._registerBindObject(x, host, ["foo"]);
        }
        super._registerBind(host, ops);
      }
    }
    const globalBucket = this.node.root.newAbstract("@winglang/sdk.cloud.Bucket",this,"cloud.Bucket");
    const x = new MyResource(this,"MyResource");
    this.node.root.new("@winglang/sdk.std.Test",std.Test,this,"test:variable can be an inflight closure",new $Closure2(this,"$Closure2"));
  }
}
const $App = $stdlib.core.App.for(process.env.WING_TARGET);
new $App({ outdir: $outdir, name: "main", rootConstruct: $Root, plugins: $plugins, isTestEnvironment: $wing_is_test, entrypointDir: process.env['WING_SOURCE_DIR'], rootId: process.env['WING_ROOT_ID'] }).synth();
```

