---
source: libs/wingc/src/jsify/tests.rs
---
## Errors
"this" can only be used in an instance method or constructor 3:8
