---
source: libs/wingc/src/jsify/tests.rs
---
## Code

```w

    class Base {}
    class Derived extends Base {}
    
```

## inflight.Base-1.js

```js
module.exports = function({  }) {
  class Base {
    constructor({  }) {
    }
  }
  return Base;
}
```

## inflight.Derived-1.js

```js
module.exports = function({ $Base }) {
  class Derived extends $Base {
    constructor({  }) {
      super({  });
    }
  }
  return Derived;
}
```

## preflight.js

```js
const $stdlib = require('@winglang/sdk');
const $constructs = require('constructs');
const $outdir = process.env.WING_SYNTH_DIR ?? ".";
const $wing_is_test = process.env.WING_IS_TEST === "true";
const std = $stdlib.std;
class $Root extends $constructs.Construct {
  constructor(scope, id) {
    super(scope, id);
    class Base extends $constructs.Construct {
      constructor(scope, id, ) {
        super(scope, id);
      }
      static _toInflightType(context) {
        return `
          require("./inflight.Base-1.js")({
          })
        `;
      }
      _toInflight() {
        return `
          (await (async () => {
            const BaseClient = ${Base._toInflightType(this)};
            const client = new BaseClient({
            });
            if (client.$inflight_init) { await client.$inflight_init(); }
            return client;
          })())
        `;
      }
      _getInflightOps() {
        return ["$inflight_init"];
      }
      _registerBind(host, ops) {
      }
      static _registerTypeBind(host, ops) {
      }
    }
    class Derived extends Base {
      constructor(scope, id, ) {
        super(scope, id);
      }
      static _toInflightType(context) {
        return `
          require("./inflight.Derived-1.js")({
            $Base: ${$stdlib.core.Lifting.lift(context, Base)},
          })
        `;
      }
      _toInflight() {
        return `
          (await (async () => {
            const DerivedClient = ${Derived._toInflightType(this)};
            const client = new DerivedClient({
            });
            if (client.$inflight_init) { await client.$inflight_init(); }
            return client;
          })())
        `;
      }
      _getInflightOps() {
        return ["$inflight_init"];
      }
      _registerBind(host, ops) {
        super._registerBind(host, ops);
      }
      static _registerTypeBind(host, ops) {
        super._registerTypeBind(host, ops);
      }
    }
  }
}
const $App = $stdlib.core.App.for(process.env.WING_TARGET);
new $App({ outdir: $outdir, name: "main", rootConstruct: $Root, plugins: $plugins, isTestEnvironment: $wing_is_test, entrypointDir: process.env['WING_SOURCE_DIR'], rootId: process.env['WING_ROOT_ID'] }).synth();
```

