---
source: libs/wingc/src/jsify/tests.rs
---
## Code

```w

    bring cloud;
    
    class MyType {
      b: cloud.Bucket;

      init() {
        this.b = new cloud.Bucket();
      }

      inflight isEmpty(): bool {
        return this.b.list().length == 0;
      }

      inflight checkIfEmpty() {
        if this.isEmpty() {
          log("empty!");
        }
      }
    }

    let t = new MyType();
    test "test" {
      t.checkIfEmpty();
    }
    
```

## inflight.$Closure1-1.js

```js
module.exports = function({ $t }) {
  class $Closure1 {
    constructor({  }) {
      const $obj = (...args) => this.handle(...args);
      Object.setPrototypeOf($obj, this);
      return $obj;
    }
    async handle() {
      (await $t.checkIfEmpty());
    }
  }
  return $Closure1;
}
```

## inflight.MyType-1.js

```js
module.exports = function({  }) {
  class MyType {
    constructor({ $this_b }) {
      this.$this_b = $this_b;
    }
    async isEmpty() {
      return (((a,b) => { try { return require('assert').deepStrictEqual(a,b) === undefined; } catch { return false; } })((await this.$this_b.list()).length,0));
    }
    async checkIfEmpty() {
      if ((await this.isEmpty())) {
        {console.log("empty!")};
      }
    }
  }
  return MyType;
}
```

## preflight.js

```js
const $stdlib = require('@winglang/sdk');
const $constructs = require('constructs');
const $outdir = process.env.WING_SYNTH_DIR ?? ".";
const $wing_is_test = process.env.WING_IS_TEST === "true";
const std = $stdlib.std;
const cloud = $stdlib.cloud;
class $Root extends $constructs.Construct {
  constructor(scope, id) {
    super(scope, id);
    class MyType extends $constructs.Construct {
      constructor(scope, id, ) {
        super(scope, id);
        this.b = this.node.root.newAbstract("@winglang/sdk.cloud.Bucket",this,"cloud.Bucket");
      }
      static _toInflightType(context) {
        return `
          require("./inflight.MyType-1.js")({
          })
        `;
      }
      _toInflight() {
        return `
          (await (async () => {
            const MyTypeClient = ${MyType._toInflightType(this)};
            const client = new MyTypeClient({
              $this_b: ${$stdlib.core.Lifting.lift(this, this.b)},
            });
            if (client.$inflight_init) { await client.$inflight_init(); }
            return client;
          })())
        `;
      }
      _getInflightOps() {
        return ["isEmpty", "checkIfEmpty", "$inflight_init"];
      }
      _registerBind(host, ops) {
        if (ops.includes("$inflight_init")) {
          $stdlib.std.Resource._registerBindObject(this.b, host, []);
        }
        if (ops.includes("checkIfEmpty")) {
          $stdlib.std.Resource._registerBindObject(this, host, ["isEmpty"]);
        }
        if (ops.includes("isEmpty")) {
          $stdlib.std.Resource._registerBindObject(this.b, host, ["list"]);
        }
      }
      static _registerTypeBind(host, ops) {
      }
    }
    class $Closure1 extends $constructs.Construct {
      constructor(scope, id, ) {
        super(scope, id);
        (std.Display.of(this)).hidden = true;
      }
      static _toInflightType(context) {
        return `
          require("./inflight.$Closure1-1.js")({
            $t: ${$stdlib.core.Lifting.lift(context, t)},
          })
        `;
      }
      _toInflight() {
        return `
          (await (async () => {
            const $Closure1Client = ${$Closure1._toInflightType(this)};
            const client = new $Closure1Client({
            });
            if (client.$inflight_init) { await client.$inflight_init(); }
            return client;
          })())
        `;
      }
      _getInflightOps() {
        return ["handle", "$inflight_init"];
      }
      _registerBind(host, ops) {
        if (ops.includes("handle")) {
          $stdlib.std.Resource._registerBindObject(t, host, ["checkIfEmpty"]);
        }
      }
      static _registerTypeBind(host, ops) {
      }
    }
    const t = new MyType(this,"MyType");
    this.node.root.new("@winglang/sdk.std.Test",std.Test,this,"test:test",new $Closure1(this,"$Closure1"));
  }
}
const $App = $stdlib.core.App.for(process.env.WING_TARGET);
new $App({ outdir: $outdir, name: "main", rootConstruct: $Root, plugins: $plugins, isTestEnvironment: $wing_is_test, entrypointDir: process.env['WING_SOURCE_DIR'], rootId: process.env['WING_ROOT_ID'] }).synth();
```

