{
  "//": {
    "metadata": {
      "backend": "local",
      "stackName": "root",
      "version": "0.15.2",
    },
    "outputs": {
      "root": {
        "Default": {
          "cloud.TestRunner": {
            "TestFunctionArns": "WING_TEST_RUNNER_FUNCTION_ARNS",
          },
        },
      },
    },
  },
  "output": {
    "WING_TEST_RUNNER_FUNCTION_ARNS": {
      "value": "[]",
    },
  },
  "provider": {
    "aws": [
      {},
    ],
  },
  "resource": {
    "aws_cloudfront_distribution": {
      "root_cloudWebsite_distribution_CC27FD7B": {
        "//": {
          "metadata": {
            "path": "root/Default/Default/cloud.Website/distribution",
            "uniqueId": "root_cloudWebsite_distribution_CC27FD7B",
          },
        },
        "default_cache_behavior": {
          "allowed_methods": [
            "GET",
            "HEAD",
          ],
          "cached_methods": [
            "GET",
            "HEAD",
          ],
          "compress": true,
          "default_ttl": 3600,
          "forwarded_values": {
            "cookies": {
              "forward": "none",
            },
            "query_string": false,
          },
          "max_ttl": 86400,
          "min_ttl": 0,
          "target_origin_id": "s3Origin",
          "viewer_protocol_policy": "redirect-to-https",
        },
        "default_root_object": "index.html",
        "enabled": true,
        "origin": [
          {
            "domain_name": "${aws_s3_bucket.root_cloudWebsite_B2013695.bucket_regional_domain_name}",
            "origin_id": "s3Origin",
          },
        ],
        "price_class": "PriceClass_100",
        "restrictions": {
          "geo_restriction": {
            "locations": [],
            "restriction_type": "none",
          },
        },
        "viewer_certificate": {
          "cloudfront_default_certificate": true,
        },
      },
    },
    "aws_s3_bucket": {
      "root_cloudWebsite_B2013695": {
        "//": {
          "metadata": {
            "path": "root/Default/Default/cloud.Website/Default",
            "uniqueId": "root_cloudWebsite_B2013695",
          },
        },
        "bucket_prefix": "cloud-website-c8e58765-",
        "force_destroy": false,
      },
    },
    "aws_s3_bucket_policy": {
      "root_cloudWebsite_PublicPolicy_2884A0C6": {
        "//": {
          "metadata": {
            "path": "root/Default/Default/cloud.Website/PublicPolicy",
            "uniqueId": "root_cloudWebsite_PublicPolicy_2884A0C6",
          },
        },
        "bucket": "${aws_s3_bucket.root_cloudWebsite_B2013695.bucket}",
        "policy": "{\"Version\":\"2012-10-17\",\"Statement\":[{\"Effect\":\"Allow\",\"Principal\":\"*\",\"Action\":[\"s3:GetObject\"],\"Resource\":[\"${aws_s3_bucket.root_cloudWebsite_B2013695.arn}/*\"]}]}",
      },
    },
    "aws_s3_bucket_server_side_encryption_configuration": {
      "root_cloudWebsite_Encryption_8B168696": {
        "//": {
          "metadata": {
            "path": "root/Default/Default/cloud.Website/Encryption",
            "uniqueId": "root_cloudWebsite_Encryption_8B168696",
          },
        },
        "bucket": "${aws_s3_bucket.root_cloudWebsite_B2013695.bucket}",
        "rule": [
          {
            "apply_server_side_encryption_by_default": {
              "sse_algorithm": "AES256",
            },
          },
        ],
      },
    },
    "aws_s3_bucket_website_configuration": {
      "root_cloudWebsite_136F5C7F": {
        "//": {
          "metadata": {
            "path": "root/Default/Default/cloud.Website/Website",
            "uniqueId": "root_cloudWebsite_136F5C7F",
          },
        },
        "bucket": "${aws_s3_bucket.root_cloudWebsite_B2013695.bucket}",
        "index_document": {
          "suffix": "index.html",
        },
      },
    },
    "aws_s3_object": {
      "root_cloudWebsite_awss3bucketobjectindexhtml_3A649306": {
        "//": {
          "metadata": {
            "path": "root/Default/Default/cloud.Website/aws_s3_bucket_object_index.html",
            "uniqueId": "root_cloudWebsite_awss3bucketobjectindexhtml_3A649306",
          },
        },
        "bucket": "${aws_s3_bucket.root_cloudWebsite_B2013695.bucket}",
        "content_type": "text/html; charset=utf-8",
        "depends_on": [
          "aws_s3_bucket.root_cloudWebsite_B2013695",
        ],
        "key": "/index.html",
        "source": "/Users/tsuf/Documents/wing/examples/tests/valid/website/index.html",
      },
      "root_cloudWebsite_awss3bucketobjectotherhtml_2DA2BBB4": {
        "//": {
          "metadata": {
            "path": "root/Default/Default/cloud.Website/aws_s3_bucket_object_other.html",
            "uniqueId": "root_cloudWebsite_awss3bucketobjectotherhtml_2DA2BBB4",
          },
        },
        "bucket": "${aws_s3_bucket.root_cloudWebsite_B2013695.bucket}",
        "content_type": "text/html; charset=utf-8",
        "depends_on": [
          "aws_s3_bucket.root_cloudWebsite_B2013695",
        ],
        "key": "/inner-folder/other.html",
        "source": "/Users/tsuf/Documents/wing/examples/tests/valid/website/inner-folder/other.html",
      },
    },
  },
}