// Vitest Snapshot v1, https://vitest.dev/guide/snapshot.html

exports[`access_hidden_namespace.w 1`] = `""`;

exports[`access_static_from_instance.w 1`] = `""`;

exports[`bring.w 1`] = `""`;

exports[`bring_jsii.w 1`] = `""`;

exports[`bring_non_std_construct.w 1`] = `""`;

exports[`capture_redefinition.w 1`] = `""`;

exports[`class.w 1`] = `""`;

exports[`cloud_function_expects_inflight.w 1`] = `""`;

exports[`container_types.w 1`] = `""`;

exports[`diags_with_multibyte_chars.w 1`] = `""`;

exports[`enums.w 1`] = `""`;

exports[`extern.w 1`] = `""`;

exports[`for_loop.w 1`] = `""`;

exports[`function_type.w 1`] = `""`;

exports[`immutable_container_types.w 1`] = `""`;

exports[`impl_interface.w 1`] = `""`;

exports[`inflight_class_created_in_preflight.w 1`] = `""`;

exports[`inflight_class_dup_init.w 1`] = `""`;

exports[`inflight_class_in_preflight.w 1`] = `""`;

exports[`inflight_class_interface_structural_typing.w 1`] = `""`;

exports[`inflight_ref_explicit_ops.w 1`] = `""`;

exports[`interface.w 1`] = `""`;

exports[`json.w 1`] = `""`;

exports[`json_static.w 1`] = `""`;

exports[`lift_cannot_reassign_inflight.w 1`] = `""`;

exports[`lift_use_inflight_obj_in_lift.w 1`] = `""`;

exports[`missing_semicolon.w 1`] = `""`;

exports[`mut_container_types.w 1`] = `""`;

exports[`nil.w 1`] = `""`;

exports[`optionals.w 1`] = `""`;

exports[`panic.w 1`] = `"Panicked, backtrace not captured: Unsupported"`;

exports[`preflight_from_inflight.w 1`] = `""`;

exports[`primitives.w 1`] = `""`;

exports[`reassign_to_nonreassignable.w 1`] = `""`;

exports[`resource_access_field_as_method.w 1`] = `""`;

exports[`resource_inflight.w 1`] = `""`;

exports[`resource_init.w 1`] = `""`;

exports[`return_types.w 1`] = `""`;

exports[`scope_and_id.w 1`] = `""`;

exports[`sorted_errors_no_span.w 1`] = `""`;

exports[`statement_invalid_scope.w 1`] = `""`;

exports[`statements_if.w 1`] = `""`;

exports[`std_containers.w 1`] = `""`;

exports[`struct_expansion.w 1`] = `""`;

exports[`structs.w 1`] = `""`;

exports[`try_no_catch_or_finally.w 1`] = `""`;

exports[`types_strings_arithmetic.w 1`] = `""`;

exports[`unimplemented_grammar.w 1`] = `""`;

exports[`unknown_field.w 1`] = `""`;

exports[`unknown_submodule.w 1`] = `""`;

exports[`unknown_symbol.w 1`] = `""`;

exports[`use_before_defined.w 1`] = `""`;

exports[`variable_scoping.w 1`] = `""`;

exports[`void_in_expression_position.w 1`] = `""`;
