---
source: libs/wingc/src/jsify/captures/tests.rs
expression: "capture_ok(r#\"\n    bring cloud;\n\n    let b = new cloud.Bucket();\n    \n\t\tclass MyType {\n      static inflight putInBucket() {\n        b.put(\"in\", \"bucket\");\n      }\n    }\n\n    class YourType {\n      inflight putIndirect() {\n        MyType.putInBucket();\n      }\n    }\n\n    let t = new YourType();\n    test \"test\" {\n      t.putIndirect();\n    }\n\t\t\"#)"
---
======================================================
Files:

inflight.$Closure1.js
------------------------------------------------------
module.exports = function({ $t }) {
  class $Closure1 {
    async handle()  {
      (await $t.putIndirect());
    }
    constructor({  }) {
      const $obj = (...args) => this.handle(...args);
      Object.setPrototypeOf($obj, this);
      return $obj;
    }
  }
  return $Closure1;
}

inflight.MyType.js
------------------------------------------------------
module.exports = function({ $b }) {
  class MyType {
    static async putInBucket()  {
      (await $b.put("in","bucket"));
    }
    constructor({  }) {
    }
  }
  return MyType;
}

inflight.YourType.js
------------------------------------------------------
module.exports = function({ $MyType }) {
  class YourType {
    async putIndirect()  {
      (await $MyType.putInBucket());
    }
    constructor({  }) {
    }
  }
  return YourType;
}

preflight.js
------------------------------------------------------
const cloud = require('@winglang/sdk').cloud;
class MyType extends $stdlib.std.Resource {
  constructor(scope, id, ) {
    super(scope, id);
    this._addInflightOps("putInBucket");
  }
  static _toInflightType(context) {
    return $stdlib.core.NodeJsCode.fromInline(`
      require("./inflight.MyType.js")({ 
        $b: ${context._lift(b)},
      })
    `);
  }
  _toInflight() {
    return $stdlib.core.NodeJsCode.fromInline(`
      (await (async () => {
        const client = new (${MyType._toInflightType(this).text})({
        });
        if (client.$inflight_init) { await client.$inflight_init(); }
        return client;
      })())
    `);
  }
  static _registerTypeBind(host, ops) {
    if (ops.includes("putInBucket")) {
      MyType._registerBindObject(b, host, ["put"]);
    }
    super._registerTypeBind(host, ops);
  }
}
class YourType extends $stdlib.std.Resource {
  constructor(scope, id, ) {
    super(scope, id);
    this._addInflightOps("putIndirect");
  }
  static _toInflightType(context) {
    return $stdlib.core.NodeJsCode.fromInline(`
      require("./inflight.YourType.js")({ 
        $MyType: ${context._lift(MyType)},
      })
    `);
  }
  _toInflight() {
    return $stdlib.core.NodeJsCode.fromInline(`
      (await (async () => {
        const client = new (${YourType._toInflightType(this).text})({
        });
        if (client.$inflight_init) { await client.$inflight_init(); }
        return client;
      })())
    `);
  }
  _registerBind(host, ops) {
    if (ops.includes("putIndirect")) {
      YourType._registerBindObject(MyType, host, ["putInBucket"]);
    }
    super._registerBind(host, ops);
  }
}
class $Closure1 extends $stdlib.std.Resource {
  constructor(scope, id, ) {
    super(scope, id);
    this._addInflightOps("handle");
    this.display.hidden = true;
  }
  static _toInflightType(context) {
    return $stdlib.core.NodeJsCode.fromInline(`
      require("./inflight.$Closure1.js")({ 
        $t: ${context._lift(t)},
      })
    `);
  }
  _toInflight() {
    return $stdlib.core.NodeJsCode.fromInline(`
      (await (async () => {
        const client = new (${$Closure1._toInflightType(this).text})({
        });
        if (client.$inflight_init) { await client.$inflight_init(); }
        return client;
      })())
    `);
  }
  _registerBind(host, ops) {
    if (ops.includes("handle")) {
      $Closure1._registerBindObject(t, host, ["putIndirect"]);
    }
    super._registerBind(host, ops);
  }
}
const b = this.node.root.newAbstract("@winglang/sdk.cloud.Bucket",this,"cloud.Bucket");
const t = new YourType(this,"YourType");
this.node.root.new("@winglang/sdk.std.Test",std.Test,this,"test:test",new $Closure1(this,"$Closure1"));

