---
source: libs/wingc/src/jsify/captures/tests.rs
expression: "capture_ok(r#\"\n    inflight class MyType {\n      field: str;\n      init() { this.field = \"hi\"; }\n  \n      getField(): str {\n        return this.field;\n      }\n    }\n  \"#)"
---
======================================================
Captured by MyType:

======================================================
Files:

main.w
------------------------------------------------------

    inflight class MyType {
      field: str;
      init() { this.field = "hi"; }
  
      getField(): str {
        return this.field;
      }
    }
  
preflight.js
------------------------------------------------------
class MyType extends $stdlib.std.Resource {
  constructor(scope, id, ) {
    super(scope, id);
    this._addInflightOps("getField", "constructor", "field");
  }
  static _toInflightType(context) {
    return $stdlib.core.NodeJsCode.fromInline(`
      require("./inflight.MyType.js")({})
    `);
  }
  _toInflight() {
    return $stdlib.core.NodeJsCode.fromInline(`
      (await (async () => {
        const client = new (${MyType._toInflightType(this).text})({ });
        if (client.$inflight_init) { await client.$inflight_init(); }
        return client;
      })())
    `);
  }
}

inflight.MyType.js
------------------------------------------------------
module.exports = function({  }) {
  class MyType {
    async getField()  {
      return this.field;
    }
     constructor()  {
      this.field = "hi";
    }
  }
  return MyType;
}

