---
source: libs/wingc/src/jsify/captures/tests.rs
expression: "capture_ok(r#\"\n    let x = [1,2,3];\n    let y = [\"hello\"];\n\n    test \"test\" {\n      assert(x.length == 3);\n      assert(y.at(0) == \"hello\");\n    }\n    \"#)"
---
======================================================
Captured by $Closure1:
Variables:
  handle():
    x => []
    y => []

======================================================
Files:

inflight.$Closure1.js
------------------------------------------------------
module.exports = function({ x, y }) {
  class $Closure1 {
    constructor({  }) {
      const $obj = (...args) => this.handle(...args);
      Object.setPrototypeOf($obj, this);
      return $obj;
    }
    async handle()  {
      {((cond) => {if (!cond) throw new Error(`assertion failed: '(x.length === 3)'`)})((x.length === 3))};
      {((cond) => {if (!cond) throw new Error(`assertion failed: '((await y.at(0)) === "hello")'`)})(((await y.at(0)) === "hello"))};
    }
    async $inflight_init()  {
    }
  }
  return $Closure1;
}

main.w
------------------------------------------------------

    let x = [1,2,3];
    let y = ["hello"];

    test "test" {
      assert(x.length == 3);
      assert(y.at(0) == "hello");
    }
    
preflight.js
------------------------------------------------------
class $Closure1 extends $stdlib.std.Resource {
  constructor(scope, id, ) {
    super(scope, id);
    this._addInflightOps("handle", "$inflight_init");
    this.display.hidden = true;
  }
  static _toInflightType(context) {
    return $stdlib.core.NodeJsCode.fromInline(`
      require("./inflight.$Closure1.js")({
        x: ${context._lift(x, [])},
        y: ${context._lift(y, [])},
      })
    `);
  }
  _toInflight() {
    return $stdlib.core.NodeJsCode.fromInline(`
      (await (async () => {
        const $Closure1Client = ${$Closure1._toInflightType(this).text};
        const client = new $Closure1Client({
        });
        if (client.$inflight_init) { await client.$inflight_init(); }
        return client;
      })())
    `);
  }
  _registerBind(host, ops) {
    if (ops.includes("handle")) {
      $Closure1._registerBindObject(x, host, []);
      $Closure1._registerBindObject(y, host, []);
    }
    super._registerBind(host, ops);
  }
}
const x = Object.freeze([1, 2, 3]);
const y = Object.freeze(["hello"]);
this.node.root.new("@winglang/sdk.std.Test",std.Test,this,"test:test",new $Closure1(this,"$Closure1"));

