---
source: libs/wingc/src/jsify/captures/tests.rs
expression: "capture_ok(r#\"\n    inflight class Foo {\n      foofoo() {}\n    }\n\n    test \"test\" {\n      let f = new Foo();\n\n      class Bar {\n        bar() {\n          f.foofoo();\n        }\n      }\n    }\n\n    \"#)"
---
======================================================
Files:

inflight.$Closure1.js
------------------------------------------------------
module.exports = function({ $Foo, Foo }) {
  class $Closure1 {
    async handle()  {
      const f = new $Foo();
      const Bar = require("./inflight.Bar.js")({f});
    }
    constructor({  }) {
      const $obj = (...args) => this.handle(...args);
      Object.setPrototypeOf($obj, this);
      return $obj;
    }
  }
  return $Closure1;
}

inflight.Bar.js
------------------------------------------------------
module.exports = function({ f }) {
  class Bar {
    async bar()  {
      (await f.foofoo());
    }
  }
  return Bar;
}

inflight.Foo.js
------------------------------------------------------
module.exports = function({  }) {
  class Foo {
    async foofoo()  {
    }
  }
  return Foo;
}

preflight.js
------------------------------------------------------
class Foo extends $stdlib.std.Resource {
  constructor(scope, id, ) {
    super(scope, id);
    this._addInflightOps("foofoo");
  }
  static _toInflightType(context) {
    return $stdlib.core.NodeJsCode.fromInline(`
      require("./inflight.Foo.js")({ 
      })
    `);
  }
  _toInflight() {
    return $stdlib.core.NodeJsCode.fromInline(`
      (await (async () => {
        const client = new (${Foo._toInflightType(this).text})({
        });
        if (client.$inflight_init) { await client.$inflight_init(); }
        return client;
      })())
    `);
  }
}
class $Closure1 extends $stdlib.std.Resource {
  constructor(scope, id, ) {
    super(scope, id);
    this._addInflightOps("handle");
    this.display.hidden = true;
  }
  static _toInflightType(context) {
    return $stdlib.core.NodeJsCode.fromInline(`
      require("./inflight.$Closure1.js")({ 
        $Foo: ${context._lift(Foo)},
      })
    `);
  }
  _toInflight() {
    return $stdlib.core.NodeJsCode.fromInline(`
      (await (async () => {
        const client = new (${$Closure1._toInflightType(this).text})({
        });
        if (client.$inflight_init) { await client.$inflight_init(); }
        return client;
      })())
    `);
  }
  _registerBind(host, ops) {
    if (ops.includes("handle")) {
      $Closure1._registerBindObject(Foo, host, []);
    }
    super._registerBind(host, ops);
  }
}
this.node.root.new("@winglang/sdk.std.Test",std.Test,this,"test:test",new $Closure1(this,"$Closure1"));

