---
source: libs/wingc/src/jsify/captures/tests.rs
expression: "capture_ok(r#\"\n    bring cloud;\n\n    class MyType {\n      b: cloud.Bucket;\n      init() {\n        this.b = new cloud.Bucket();\n      }\n    }\n\n    let t = new MyType();\n\n    test \"test\" {\n      t.b.put(\"hello\", \"world\");\n    }\n    \"#)"
---
======================================================
Captured by MyType:

======================================================
Captured by $Closure1:
Variables:
  handle():
    t.b => [put()]

======================================================
Files:

inflight.$Closure1.js
------------------------------------------------------
module.exports = function({ t_b }) {
  const t = {
    b: t_b,
  };
  
  class $Closure1 {
    constructor({  }) {
      const $obj = (...args) => this.handle(...args);
      Object.setPrototypeOf($obj, this);
      return $obj;
    }
    async handle()  {
      (await t.b.put("hello","world"));
    }
    async $inflight_init()  {
    }
  }
  return $Closure1;
}

main.w
------------------------------------------------------

    bring cloud;

    class MyType {
      b: cloud.Bucket;
      init() {
        this.b = new cloud.Bucket();
      }
    }

    let t = new MyType();

    test "test" {
      t.b.put("hello", "world");
    }
    
preflight.js
------------------------------------------------------
const cloud = require('@winglang/sdk').cloud;
class MyType extends $stdlib.std.Resource {
  constructor(scope, id, ) {
    super(scope, id);
    this._addInflightOps("$inflight_init");
    this.b = this.node.root.newAbstract("@winglang/sdk.cloud.Bucket",this,"cloud.Bucket");
  }
  static _toInflightType(context) {
    return $stdlib.core.NodeJsCode.fromInline(`
      require("./inflight.MyType.js")({
      })
    `);
  }
  _toInflight() {
    return $stdlib.core.NodeJsCode.fromInline(`
      (await (async () => {
        const MyTypeClient = ${MyType._toInflightType(this).text};
        const client = new MyTypeClient({
        });
        if (client.$inflight_init) { await client.$inflight_init(); }
        return client;
      })())
    `);
  }
}
class $Closure1 extends $stdlib.std.Resource {
  constructor(scope, id, ) {
    super(scope, id);
    this._addInflightOps("handle", "$inflight_init");
    this.display.hidden = true;
  }
  static _toInflightType(context) {
    return $stdlib.core.NodeJsCode.fromInline(`
      require("./inflight.$Closure1.js")({
        t_b: ${context._lift(t.b, ["put()"])},
      })
    `);
  }
  _toInflight() {
    return $stdlib.core.NodeJsCode.fromInline(`
      (await (async () => {
        const $Closure1Client = ${$Closure1._toInflightType(this).text};
        const client = new $Closure1Client({
        });
        if (client.$inflight_init) { await client.$inflight_init(); }
        return client;
      })())
    `);
  }
  _registerBind(host, ops) {
    if (ops.includes("$inflight_init")) {
      $Closure1._registerBindObject(t.b, host, ["put()"]);
    }
    if (ops.includes("handle")) {
      $Closure1._registerBindObject(t.b, host, ["put()"]);
    }
    super._registerBind(host, ops);
  }
}
const t = new MyType(this,"MyType");
this.node.root.new("@winglang/sdk.std.Test",std.Test,this,"test:test",new $Closure1(this,"$Closure1"));

inflight.MyType.js
------------------------------------------------------
module.exports = function({  }) {
  class MyType {
    constructor({  }) {
    }
    async $inflight_init()  {
    }
  }
  return MyType;
}

