---
source: libs/wingc/src/jsify/captures/tests.rs
expression: "capture_ok(r#\"\n    class MyType {\n      inflight s: str;\n      inflight init() {\n        this.s = \"hey there!\";\n      }\n      inflight foo() {\n        log(this.s);\n      }\n    }\n    \"#)"
---
======================================================
Files:

inflight.MyType.js
------------------------------------------------------
module.exports = function({  }) {
  class MyType {
    async $inflight_init()  {
      this.s = "hey there!";
    }
    async foo()  {
      {console.log(this.s)};
    }
    constructor({  }) {
    }
  }
  return MyType;
}

preflight.js
------------------------------------------------------
class MyType extends $stdlib.std.Resource {
  constructor(scope, id, ) {
    super(scope, id);
    this._addInflightOps("foo", "s");
  }
  static _toInflightType(context) {
    return $stdlib.core.NodeJsCode.fromInline(`
      require("./inflight.MyType.js")({ 
      })
    `);
  }
  _toInflight() {
    return $stdlib.core.NodeJsCode.fromInline(`
      (await (async () => {
        const client = new (${MyType._toInflightType(this).text})({
        });
        if (client.$inflight_init) { await client.$inflight_init(); }
        return client;
      })())
    `);
  }
}

