---
source: libs/wingc/src/jsify/captures/tests.rs
expression: "capture_ok(r#\"\n    class A {\n      static inflight foo() { log(\"hello\"); }\n    }\n\n    test \"test\" {\n      class B {\n        foo() {\n          A.foo();\n        }\n      }\n\n      A.foo();\n    }\n    \"#)"
---
======================================================
Files:

inflight.$Closure1.js
------------------------------------------------------
module.exports = function({ $A, A }) {
  class $Closure1 {
    async handle()  {
      const B = require("./inflight.B.js")({A});
      (await $A.foo());
    }
    constructor({  }) {
      const $obj = (...args) => this.handle(...args);
      Object.setPrototypeOf($obj, this);
      return $obj;
    }
  }
  return $Closure1;
}

inflight.A.js
------------------------------------------------------
module.exports = function({  }) {
  class A {
    static async foo()  {
      {console.log("hello")};
    }
    constructor({  }) {
    }
  }
  return A;
}

inflight.B.js
------------------------------------------------------
module.exports = function({ $A, A }) {
  class B {
    async foo()  {
      (await $A.foo());
    }
  }
  return B;
}

preflight.js
------------------------------------------------------
class A extends $stdlib.std.Resource {
  constructor(scope, id, ) {
    super(scope, id);
    this._addInflightOps("foo");
  }
  static _toInflightType(context) {
    return $stdlib.core.NodeJsCode.fromInline(`
      require("./inflight.A.js")({ 
      })
    `);
  }
  _toInflight() {
    return $stdlib.core.NodeJsCode.fromInline(`
      (await (async () => {
        const client = new (${A._toInflightType(this).text})({
        });
        if (client.$inflight_init) { await client.$inflight_init(); }
        return client;
      })())
    `);
  }
}
class $Closure1 extends $stdlib.std.Resource {
  constructor(scope, id, ) {
    super(scope, id);
    this._addInflightOps("handle");
    this.display.hidden = true;
  }
  static _toInflightType(context) {
    return $stdlib.core.NodeJsCode.fromInline(`
      require("./inflight.$Closure1.js")({ 
        $A: ${context._lift(A)},
      })
    `);
  }
  _toInflight() {
    return $stdlib.core.NodeJsCode.fromInline(`
      (await (async () => {
        const client = new (${$Closure1._toInflightType(this).text})({
        });
        if (client.$inflight_init) { await client.$inflight_init(); }
        return client;
      })())
    `);
  }
  _registerBind(host, ops) {
    if (ops.includes("handle")) {
      $Closure1._registerBindObject(A, host, ["foo"]);
    }
    super._registerBind(host, ops);
  }
}
this.node.root.new("@winglang/sdk.std.Test",std.Test,this,"test:test",new $Closure1(this,"$Closure1"));

