---
source: libs/wingc/src/jsify/captures/tests.rs
expression: "capture_ok(r#\"\n    bring cloud;\n    \n\t\tclass MyType {\n      b: cloud.Bucket;\n\n      init() {\n        this.b = new cloud.Bucket();\n      }\n\n      inflight isEmpty(): bool {\n        return this.b.list().length == 0;\n      }\n\n      inflight checkIfEmpty() {\n        if this.isEmpty() {\n          log(\"empty!\");\n        }\n      }\n    }\n\n    let t = new MyType();\n    test \"test\" {\n      t.checkIfEmpty();\n    }\n\t\t\"#)"
---
======================================================
Files:

inflight.$Closure1.js
------------------------------------------------------
module.exports = function({ $t }) {
  class $Closure1 {
    async handle()  {
      (await $t.checkIfEmpty());
    }
    constructor({  }) {
      const $obj = (...args) => this.handle(...args);
      Object.setPrototypeOf($obj, this);
      return $obj;
    }
  }
  return $Closure1;
}

inflight.MyType.js
------------------------------------------------------
module.exports = function({  }) {
  class MyType {
    async isEmpty()  {
      return ((await this.$this_b.list()).length === 0);
    }
    async checkIfEmpty()  {
      if ((await this.isEmpty())) {
        {console.log("empty!")};
      }
    }
    constructor({ $this_b }) {
      this.$this_b = $this_b;
    }
  }
  return MyType;
}

preflight.js
------------------------------------------------------
const cloud = require('@winglang/sdk').cloud;
class MyType extends $stdlib.std.Resource {
  constructor(scope, id, ) {
    super(scope, id);
    this._addInflightOps("isEmpty", "checkIfEmpty");
    this.b = this.node.root.newAbstract("@winglang/sdk.cloud.Bucket",this,"cloud.Bucket");
  }
  static _toInflightType(context) {
    return $stdlib.core.NodeJsCode.fromInline(`
      require("./inflight.MyType.js")({ 
      })
    `);
  }
  _toInflight() {
    return $stdlib.core.NodeJsCode.fromInline(`
      (await (async () => {
        const client = new (${MyType._toInflightType(this).text})({
          $this_b: ${this._lift(this.b)},
        });
        if (client.$inflight_init) { await client.$inflight_init(); }
        return client;
      })())
    `);
  }
  _registerBind(host, ops) {
    if (ops.includes("isEmpty")) {
      MyType._registerBindObject(this.b, host, ["list"]);
    }
    super._registerBind(host, ops);
  }
}
class $Closure1 extends $stdlib.std.Resource {
  constructor(scope, id, ) {
    super(scope, id);
    this._addInflightOps("handle");
    this.display.hidden = true;
  }
  static _toInflightType(context) {
    return $stdlib.core.NodeJsCode.fromInline(`
      require("./inflight.$Closure1.js")({ 
        $t: ${context._lift(t)},
      })
    `);
  }
  _toInflight() {
    return $stdlib.core.NodeJsCode.fromInline(`
      (await (async () => {
        const client = new (${$Closure1._toInflightType(this).text})({
        });
        if (client.$inflight_init) { await client.$inflight_init(); }
        return client;
      })())
    `);
  }
  _registerBind(host, ops) {
    if (ops.includes("handle")) {
      $Closure1._registerBindObject(t, host, ["checkIfEmpty"]);
    }
    super._registerBind(host, ops);
  }
}
const t = new MyType(this,"MyType");
this.node.root.new("@winglang/sdk.std.Test",std.Test,this,"test:test",new $Closure1(this,"$Closure1"));

