// Vitest Snapshot v1, https://vitest.dev/guide/snapshot.html

exports[`create api 1`] = `"foo"`;
